  Game.cpp
C:\Users\Professional\Desktop\WordMaker\MainHeader.h(276,39): warning C4244: аргумент: преобразование "int" в "float", возможна потеря данных
  (компиляция исходного файла "Game.cpp")
  
C:\Users\Professional\Desktop\WordMaker\MainHeader.h(294,39): warning C4244: аргумент: преобразование "double" в "float", возможна потеря данных
  (компиляция исходного файла "Game.cpp")
  
C:\Users\Professional\Desktop\WordMaker\Game.cpp(118,21): warning C4305: инициализация: усечение из "double" в "float"
C:\Users\Professional\Desktop\WordMaker\Game.cpp(119,22): warning C4305: инициализация: усечение из "double" в "float"
C:\Users\Professional\Desktop\WordMaker\Game.cpp(227,69): warning C4305: аргумент: усечение из "double" в "float"
C:\Users\Professional\Desktop\WordMaker\Game.cpp(227,63): warning C4305: аргумент: усечение из "double" в "float"
C:\Users\Professional\Desktop\WordMaker\Game.cpp(228,72): warning C4305: аргумент: усечение из "double" в "float"
C:\Users\Professional\Desktop\WordMaker\Game.cpp(228,66): warning C4305: аргумент: усечение из "double" в "float"
C:\Users\Professional\Desktop\WordMaker\Game.cpp(235,54): warning C4305: аргумент: усечение из "double" в "float"
C:\Users\Professional\Desktop\WordMaker\Game.cpp(235,45): warning C4305: аргумент: усечение из "double" в "float"
C:\Users\Professional\Desktop\WordMaker\Game.cpp(235,39): warning C4305: аргумент: усечение из "double" в "float"
C:\Users\Professional\Desktop\WordMaker\Game.cpp(236,57): warning C4305: аргумент: усечение из "double" в "float"
C:\Users\Professional\Desktop\WordMaker\Game.cpp(236,48): warning C4305: аргумент: усечение из "double" в "float"
C:\Users\Professional\Desktop\WordMaker\Game.cpp(236,42): warning C4305: аргумент: усечение из "double" в "float"
C:\Users\Professional\Desktop\WordMaker\Game.cpp(237,54): warning C4305: аргумент: усечение из "double" в "float"
C:\Users\Professional\Desktop\WordMaker\Game.cpp(237,45): warning C4305: аргумент: усечение из "double" в "float"
C:\Users\Professional\Desktop\WordMaker\Game.cpp(237,39): warning C4305: аргумент: усечение из "double" в "float"
C:\Users\Professional\Desktop\WordMaker\Game.cpp(238,39): warning C4305: аргумент: усечение из "double" в "float"
C:\Users\Professional\Desktop\WordMaker\Game.cpp(277,69): warning C4305: аргумент: усечение из "double" в "float"
C:\Users\Professional\Desktop\WordMaker\Game.cpp(278,71): warning C4305: аргумент: усечение из "double" в "float"
C:\Users\Professional\Desktop\WordMaker\Game.cpp(279,77): warning C4305: аргумент: усечение из "double" в "float"
C:\Users\Professional\Desktop\WordMaker\Game.cpp(280,63): warning C4305: аргумент: усечение из "double" в "float"
C:\Users\Professional\Desktop\WordMaker\Game.cpp(282,53): warning C4305: аргумент: усечение из "double" в "float"
C:\Users\Professional\Desktop\WordMaker\Game.cpp(282,43): warning C4305: аргумент: усечение из "double" в "float"
C:\Users\Professional\Desktop\WordMaker\Game.cpp(283,56): warning C4305: аргумент: усечение из "double" в "float"
C:\Users\Professional\Desktop\WordMaker\Game.cpp(283,46): warning C4305: аргумент: усечение из "double" в "float"
C:\Users\Professional\Desktop\WordMaker\Game.cpp(284,59): warning C4305: аргумент: усечение из "double" в "float"
C:\Users\Professional\Desktop\WordMaker\Game.cpp(284,49): warning C4305: аргумент: усечение из "double" в "float"
C:\Users\Professional\Desktop\WordMaker\Game.cpp(285,52): warning C4305: аргумент: усечение из "double" в "float"
C:\Users\Professional\Desktop\WordMaker\Game.cpp(285,42): warning C4305: аргумент: усечение из "double" в "float"
C:\Users\Professional\Desktop\WordMaker\Game.cpp(327,53): warning C4305: аргумент: усечение из "double" в "float"
C:\Users\Professional\Desktop\WordMaker\Game.cpp(327,39): warning C4305: аргумент: усечение из "double" в "float"
C:\Users\Professional\Desktop\WordMaker\Game.cpp(364,60): warning C4305: аргумент: усечение из "double" в "float"
C:\Users\Professional\Desktop\WordMaker\Game.cpp(364,50): warning C4305: аргумент: усечение из "double" в "float"
C:\Users\Professional\Desktop\WordMaker\Game.cpp(364,44): warning C4305: аргумент: усечение из "double" в "float"
C:\Users\Professional\Desktop\WordMaker\Game.cpp(365,57): warning C4305: аргумент: усечение из "double" в "float"
C:\Users\Professional\Desktop\WordMaker\Game.cpp(365,47): warning C4305: аргумент: усечение из "double" в "float"
C:\Users\Professional\Desktop\WordMaker\Game.cpp(365,41): warning C4305: аргумент: усечение из "double" в "float"
C:\Users\Professional\Desktop\WordMaker\Game.cpp(405,74): warning C4305: аргумент: усечение из "double" в "float"
C:\Users\Professional\Desktop\WordMaker\Game.cpp(406,84): warning C4305: аргумент: усечение из "double" в "float"
C:\Users\Professional\Desktop\WordMaker\Game.cpp(407,79): warning C4305: аргумент: усечение из "double" в "float"
C:\Users\Professional\Desktop\WordMaker\Game.cpp(408,79): warning C4305: аргумент: усечение из "double" в "float"
C:\Users\Professional\Desktop\WordMaker\Game.cpp(409,74): warning C4305: аргумент: усечение из "double" в "float"
C:\Users\Professional\Desktop\WordMaker\Game.cpp(410,76): warning C4305: аргумент: усечение из "double" в "float"
C:\Users\Professional\Desktop\WordMaker\Game.cpp(411,78): warning C4305: аргумент: усечение из "double" в "float"
C:\Users\Professional\Desktop\WordMaker\Game.cpp(412,78): warning C4305: аргумент: усечение из "double" в "float"
C:\Users\Professional\Desktop\WordMaker\Game.cpp(435,64): warning C4305: аргумент: усечение из "double" в "float"
C:\Users\Professional\Desktop\WordMaker\Game.cpp(435,54): warning C4305: аргумент: усечение из "double" в "float"
C:\Users\Professional\Desktop\WordMaker\Game.cpp(435,48): warning C4305: аргумент: усечение из "double" в "float"
C:\Users\Professional\Desktop\WordMaker\Game.cpp(436,58): warning C4305: аргумент: усечение из "double" в "float"
C:\Users\Professional\Desktop\WordMaker\Game.cpp(436,48): warning C4305: аргумент: усечение из "double" в "float"
C:\Users\Professional\Desktop\WordMaker\Game.cpp(436,42): warning C4305: аргумент: усечение из "double" в "float"
C:\Users\Professional\Desktop\WordMaker\Game.cpp(439,62): warning C4305: аргумент: усечение из "double" в "float"
C:\Users\Professional\Desktop\WordMaker\Game.cpp(439,56): warning C4305: аргумент: усечение из "double" в "float"
C:\Users\Professional\Desktop\WordMaker\Game.cpp(440,63): warning C4305: аргумент: усечение из "double" в "float"
C:\Users\Professional\Desktop\WordMaker\Game.cpp(440,57): warning C4305: аргумент: усечение из "double" в "float"
C:\Users\Professional\Desktop\WordMaker\Game.cpp(444,54): warning C4305: аргумент: усечение из "double" в "float"
C:\Users\Professional\Desktop\WordMaker\Game.cpp(446,55): warning C4305: аргумент: усечение из "double" в "float"
C:\Users\Professional\Desktop\WordMaker\Game.cpp(448,55): warning C4305: аргумент: усечение из "double" в "float"
C:\Users\Professional\Desktop\WordMaker\Game.cpp(453,37): warning C4305: аргумент: усечение из "double" в "float"
C:\Users\Professional\Desktop\WordMaker\Game.cpp(457,61): warning C4305: аргумент: усечение из "double" в "float"
C:\Users\Professional\Desktop\WordMaker\Game.cpp(461,63): warning C4305: аргумент: усечение из "double" в "float"
C:\Users\Professional\Desktop\WordMaker\Game.cpp(465,63): warning C4305: аргумент: усечение из "double" в "float"
C:\Users\Professional\Desktop\WordMaker\Game.cpp(501,45): warning C4305: аргумент: усечение из "double" в "float"
C:\Users\Professional\Desktop\WordMaker\Game.cpp(503,75): warning C4305: аргумент: усечение из "double" в "float"
C:\Users\Professional\Desktop\WordMaker\Game.cpp(504,75): warning C4305: аргумент: усечение из "double" в "float"
C:\Users\Professional\Desktop\WordMaker\Game.cpp(505,77): warning C4305: аргумент: усечение из "double" в "float"
C:\Users\Professional\Desktop\WordMaker\Game.cpp(508,18): warning C4305: =: усечение из "double" в "float"
C:\Users\Professional\Desktop\WordMaker\Game.cpp(694,99): warning C4305: аргумент: усечение из "double" в "float"
C:\Users\Professional\Desktop\WordMaker\Game.cpp(695,99): warning C4305: аргумент: усечение из "double" в "float"
C:\Users\Professional\Desktop\WordMaker\Game.cpp(696,101): warning C4305: аргумент: усечение из "double" в "float"
C:\Users\Professional\Desktop\WordMaker\Game.cpp(702,111): warning C4244: аргумент: преобразование "int" в "float", возможна потеря данных
C:\Users\Professional\Desktop\WordMaker\Game.cpp(871,95): warning C4244: аргумент: преобразование "int" в "float", возможна потеря данных
C:\Users\Professional\Desktop\WordMaker\Game.cpp(972,34): warning C4305: =: усечение из "double" в "float"
C:\Users\Professional\Desktop\WordMaker\Game.cpp(1227,91): warning C4305: аргумент: усечение из "double" в "float"
C:\Users\Professional\Desktop\WordMaker\Game.cpp(1228,91): warning C4305: аргумент: усечение из "double" в "float"
C:\Users\Professional\Desktop\WordMaker\Game.cpp(1229,93): warning C4305: аргумент: усечение из "double" в "float"
C:\Users\Professional\Desktop\WordMaker\Game.cpp(1232,44): warning C4244: аргумент: преобразование "int" в "float", возможна потеря данных
C:\Users\Professional\Desktop\WordMaker\Game.cpp(1234,35): warning C4244: аргумент: преобразование "int" в "float", возможна потеря данных
C:\Users\Professional\Desktop\WordMaker\Game.cpp(1346,95): warning C4244: аргумент: преобразование "int" в "float", возможна потеря данных
C:\Users\Professional\Desktop\WordMaker\Game.cpp(1378,90): warning C4305: аргумент: усечение из "double" в "float"
C:\Users\Professional\Desktop\WordMaker\Game.cpp(1379,112): warning C4305: аргумент: усечение из "double" в "float"
C:\Users\Professional\Desktop\WordMaker\Game.cpp(1380,91): warning C4305: аргумент: усечение из "double" в "float"
C:\Users\Professional\Desktop\WordMaker\Game.cpp(1386,85): warning C4305: аргумент: усечение из "double" в "float"
C:\Users\Professional\Desktop\WordMaker\Game.cpp(1387,109): warning C4305: аргумент: усечение из "double" в "float"
C:\Users\Professional\Desktop\WordMaker\Game.cpp(1388,86): warning C4305: аргумент: усечение из "double" в "float"
C:\Users\Professional\Desktop\WordMaker\Game.cpp(1431,114): warning C4305: аргумент: усечение из "double" в "float"
C:\Users\Professional\Desktop\WordMaker\Game.cpp(1434,100): warning C4305: аргумент: усечение из "double" в "float"
C:\Users\Professional\Desktop\WordMaker\Game.cpp(1439,106): warning C4305: аргумент: усечение из "double" в "float"
C:\Users\Professional\Desktop\WordMaker\Game.cpp(1442,101): warning C4305: аргумент: усечение из "double" в "float"
C:\Users\Professional\Desktop\WordMaker\Game.cpp(1498,66): warning C4267: +=: преобразование из "size_t" в "int"; возможна потеря данных
C:\Users\Professional\Desktop\WordMaker\Game.cpp(1500,136): warning C4305: аргумент: усечение из "double" в "float"
C:\Users\Professional\Desktop\WordMaker\Game.cpp(1503,133): warning C4305: аргумент: усечение из "double" в "float"
C:\Users\Professional\Desktop\WordMaker\Game.cpp(1530,68): warning C4267: +=: преобразование из "size_t" в "int"; возможна потеря данных
C:\Users\Professional\Desktop\WordMaker\Game.cpp(1532,136): warning C4305: аргумент: усечение из "double" в "float"
C:\Users\Professional\Desktop\WordMaker\Game.cpp(1535,133): warning C4305: аргумент: усечение из "double" в "float"
C:\Users\Professional\Desktop\WordMaker\Game.cpp(1609,44): warning C4244: =: преобразование "double" в "float", возможна потеря данных
C:\Users\Professional\Desktop\WordMaker\Game.cpp(1636,44): warning C4244: =: преобразование "double" в "float", возможна потеря данных
C:\Users\Professional\Desktop\WordMaker\Game.cpp(1637,67): warning C4244: аргумент: преобразование "double" в "float", возможна потеря данных
C:\Users\Professional\Desktop\WordMaker\Game.cpp(1640,44): warning C4244: =: преобразование "double" в "float", возможна потеря данных
C:\Users\Professional\Desktop\WordMaker\Game.cpp(1641,69): warning C4244: аргумент: преобразование "double" в "float", возможна потеря данных
C:\Users\Professional\Desktop\WordMaker\Game.cpp(1644,44): warning C4244: =: преобразование "double" в "float", возможна потеря данных
C:\Users\Professional\Desktop\WordMaker\Game.cpp(1645,67): warning C4244: аргумент: преобразование "double" в "float", возможна потеря данных
C:\Users\Professional\Desktop\WordMaker\Game.cpp(1651,53): warning C4244: =: преобразование "double" в "float", возможна потеря данных
C:\Users\Professional\Desktop\WordMaker\Game.cpp(1652,67): warning C4244: аргумент: преобразование "double" в "float", возможна потеря данных
C:\Users\Professional\Desktop\WordMaker\Game.cpp(1655,53): warning C4244: =: преобразование "double" в "float", возможна потеря данных
C:\Users\Professional\Desktop\WordMaker\Game.cpp(1656,67): warning C4244: аргумент: преобразование "double" в "float", возможна потеря данных
C:\Users\Professional\Desktop\WordMaker\Game.cpp(1659,53): warning C4244: =: преобразование "double" в "float", возможна потеря данных
C:\Users\Professional\Desktop\WordMaker\Game.cpp(1660,67): warning C4244: аргумент: преобразование "double" в "float", возможна потеря данных
C:\Users\Professional\Desktop\WordMaker\Game.cpp(1663,53): warning C4244: =: преобразование "double" в "float", возможна потеря данных
C:\Users\Professional\Desktop\WordMaker\Game.cpp(1664,68): warning C4244: аргумент: преобразование "double" в "float", возможна потеря данных
C:\Users\Professional\Desktop\WordMaker\Game.cpp(1682,34): warning C4244: =: преобразование "float" в "int", возможна потеря данных
C:\Users\Professional\Desktop\WordMaker\MainHeader.h(84,1): warning C4715: getCurrentIndex: значение возвращается не при всех путях выполнения
C:\Users\Professional\Desktop\WordMaker\MainHeader.h(93,1): warning C4715: getCurrentIndexStr: значение возвращается не при всех путях выполнения
C:\Users\Professional\Desktop\WordMaker\MainHeader.h(257,1): warning C4715: getVolumeValue: значение возвращается не при всех путях выполнения
  Game.vcxproj -> C:\Users\Professional\Desktop\WordMaker\x64\Debug\Game.exe
